  • electron-builder  version=24.13.3 os=6.17.0-1022-azure
  • loaded configuration  file=/home/runner/work/Pointers-BOX/Pointers-BOX/electron-builder.yml
  • packaging       platform=linux arch=x64 electron=33.4.11 appOutDir=release/linux-unpacked
  • downloading     url=https://npmmirror.com/mirrors/electron/33.4.11/electron-v33.4.11-linux-x64.zip size=106 MB parts=8
  • downloaded      url=https://npmmirror.com/mirrors/electron/33.4.11/electron-v33.4.11-linux-x64.zip duration=3.82s
  • building        target=AppImage arch=x64 file=release/Pointers-BOX-2.0.0.AppImage
  • downloading     url=https://github.com/electron-userland/electron-builder-binaries/releases/download/appimage-12.0.1/appimage-12.0.1.7z size=1.6 MB parts=1
  • downloaded      url=https://github.com/electron-userland/electron-builder-binaries/releases/download/appimage-12.0.1/appimage-12.0.1.7z duration=296ms
  • building        target=deb arch=x64 file=release/pointers-box_2.0.0_amd64.deb
  • adding autoupdate files for: deb. (Beta feature)  resourceDir=/home/runner/work/Pointers-BOX/Pointers-BOX/release/linux-unpacked/resources
  ⨯ Please specify author 'email' in the application package.json

See https://docs.npmjs.com/files/package.json#people-fields-author-contributors

It is required to set Linux .deb package maintainer. Or you can set maintainer in the custom linux options.
(see https://www.electron.build/configuration/linux).
  failedTask=build stackTrace=Error: Please specify author 'email' in the application package.json
                                                                                                                                                                                                                                                                                                                          See https://docs.npmjs.com/files/package.json#people-fields-author-contributors
                                                                                                                                                                                                                                                                                                                          It is required to set Linux .deb package maintainer. Or you can set maintainer in the custom linux options.
(see https://www.electron.build/configuration/linux).
                                                                                                                                                                                                                                                                                                                              at FpmTarget.computeFpmMetaInfoOptions (/home/runner/work/Pointers-BOX/Pointers-BOX/node_modules/.pnpm/app-builder-lib@24.13.3_dmg-builder@24.13.3_electron-builder-squirrel-windows@24.13.3/node_modules/app-builder-lib/src/targets/FpmTarget.ts:94:13)
    at FpmTarget.build (/home/runner/work/Pointers-BOX/Pointers-BOX/node_modules/.pnpm/app-builder-lib@24.13.3_dmg-builder@24.13.3_electron-builder-squirrel-windows@24.13.3/node_modules/app-builder-lib/src/targets/FpmTarget.ts:165:25)
    at /home/runner/work/Pointers-BOX/Pointers-BOX/node_modules/.pnpm/app-builder-lib@24.13.3_dmg-builder@24.13.3_electron-builder-squirrel-windows@24.13.3/node_modules/app-builder-lib/src/platformPackager.ts:158:11
    at async Promise.all (index 0)
    at AsyncTaskManager.awaitTasks (/home/runner/work/Pointers-BOX/Pointers-BOX/node_modules/.pnpm/builder-util@24.13.1/node_modules/builder-util/src/asyncTaskManager.ts:65:25)
    at Packager.doBuild (/home/runner/work/Pointers-BOX/Pointers-BOX/node_modules/.pnpm/app-builder-lib@24.13.3_dmg-builder@24.13.3_electron-builder-squirrel-windows@24.13.3/node_modules/app-builder-lib/src/packager.ts:461:5)
    at executeFinally (/home/runner/work/Pointers-BOX/Pointers-BOX/node_modules/.pnpm/builder-util@24.13.1/node_modules/builder-util/src/promise.ts:12:14)
    at Packager._build (/home/runner/work/Pointers-BOX/Pointers-BOX/node_modules/.pnpm/app-builder-lib@24.13.3_dmg-builder@24.13.3_electron-builder-squirrel-windows@24.13.3/node_modules/app-builder-lib/src/packager.ts:379:31)
    at Packager.build (/home/runner/work/Pointers-BOX/Pointers-BOX/node_modules/.pnpm/app-builder-lib@24.13.3_dmg-builder@24.13.3_electron-builder-squirrel-windows@24.13.3/node_modules/app-builder-lib/src/packager.ts:340:12)
    at executeFinally (/home/runner/work/Pointers-BOX/Pointers-BOX/node_modules/.pnpm/builder-util@24.13.1/node_modules/builder-util/src/promise.ts:12:14)
