Lockfile is up to date, resolution step is skipped
Progress: resolved 1, reused 0, downloaded 0, added 0
Packages: +512
++++++++++++++++++++++++++++++++++++++++++++++++++++++++++++++++++++++++++++++++
Progress: resolved 512, reused 512, downloaded 0, added 512, done

dependencies:
+ @chakra-ui/react 2.10.10
+ @emotion/react 11.14.0
+ @emotion/styled 11.14.1
+ electron-updater 6.8.9
+ framer-motion 11.18.2
+ react 18.3.1
+ react-dom 18.3.1
+ react-icons 5.7.0
+ zustand 4.5.7

devDependencies:
+ @capacitor/android 6.2.2
+ @capacitor/app 6.0.3
+ @capacitor/browser 6.0.6
+ @capacitor/cli 6.2.2
+ @capacitor/core 6.2.2
+ @capacitor/preferences 6.0.4
+ @types/node 20.19.43
+ @types/react 18.3.31
+ @types/react-dom 18.3.7
+ @vitejs/plugin-react 4.7.0
+ electron 33.4.11
+ electron-builder 24.13.3
+ electron-vite 2.3.0
+ typescript 5.9.3
+ vite 5.4.21
+ vitest 1.6.1

Done in 2s using pnpm v9.15.9
