
> pointers-box@2.0.0 build /home/runner/work/Pointers-BOX/Pointers-BOX
> electron-vite build

[36mvite v5.4.21 [32mbuilding SSR bundle for production...[36m[39m
transforming...
[32m✓[39m 24 modules transformed.
rendering chunks...
[2mout/main/[22m[36mindex.js  [39m[1m[2m32.67 kB[22m[1m[22m
[32m✓ built in 222ms[39m
[36mvite v5.4.21 [32mbuilding SSR bundle for production...[36m[39m
transforming...
[32m✓[39m 1 modules transformed.
rendering chunks...
[2mout/preload/[22m[36mindex.js  [39m[1m[2m1.62 kB[22m[1m[22m
[32m✓ built in 12ms[39m
[36mvite v5.4.21 [32mbuilding for production...[36m[39m
transforming...
[32m✓[39m 1076 modules transformed.
rendering chunks...
[2m../../out/renderer/[22m[32mindex.html                [39m[1m[2m    0.33 kB[22m[1m[22m
[2m../../out/renderer/[22m[2massets/[22m[36mweb-Ck3H6kjf.js    [39m[1m[2m    0.61 kB[22m[1m[22m
[2m../../out/renderer/[22m[2massets/[22m[36mweb-CJrNE_MZ.js    [39m[1m[2m    1.99 kB[22m[1m[22m
[2m../../out/renderer/[22m[2massets/[22m[36mindex-B84g6LJy.js  [39m[1m[33m1,137.73 kB[39m[22m
[32m✓ built in 2.87s[39m
